// Jest Snapshot v1, https://goo.gl/fbAQLP

exports[`should render editExpense 1`] = `
<div>
  <div
    className="summary"
  >
    <div
      className="content-container"
    >
      <h2
        className="summary__title"
      >
        Edit Expense
      </h2>
    </div>
  </div>
  <div
    className="content-container"
  >
    <ExpenseForm
      expense={
        Object {
          "amount": 4500,
          "createdAt": 345600000,
          "description": "Credit Card",
          "id": "3",
          "note": "",
        }
      }
      onSubmit={[Function]}
    />
    <button
      className="button button--secondary"
      onClick={[Function]}
    >
      Remove Expense
    </button>
  </div>
</div>
`;
