// Jest Snapshot v1, https://goo.gl/fbAQLP

exports[`should render expense dashboard 1`] = `
<div>
  <Connect(expenseListFilters) />
  <Connect(ExpenseList) />
</div>
`;
