// Jest Snapshot v1, https://goo.gl/fbAQLP

exports[`should render header correctly 1`] = `
<header>
  <div
    className="content-container"
  >
    <Link
      className="header__title"
      to="/"
    >
      <h1>
        Expensify
      </h1>
    </Link>
  </div>
</header>
`;
