// Jest Snapshot v1, https://goo.gl/fbAQLP

exports[`should render 404 page 1`] = `
<div>
  This is NotFoundPage.
  <Link
    to="/"
  >
    Go Home
  </Link>
</div>
`;
